********************************************************************************
Email stored not sent on 2025-01-25 00:32:53.561213: Price Spike EURIBOR-ICE

Spike found in prices for EURIBOR-ICE/20251200: need to manually check by running interactive_manual_check_historical_prices
********************************************************************************

********************************************************************************
Email stored not sent on 2025-01-25 00:34:15.329987: Price Spike EURIBOR

Spike found in prices for EURIBOR/20260300: need to manually check by running interactive_manual_check_historical_prices
********************************************************************************

********************************************************************************
Email stored not sent on 2025-01-25 00:34:31.314839: Price Spike EURIBOR

To reduce email load, won't send any more emails with this subject today. Use 'interactive_diagnostics', 'Emails' to see stored messages
********************************************************************************

********************************************************************************
Email stored not sent on 2025-01-25 00:34:31.315598: Price Spike EURIBOR

Spike found in prices for EURIBOR/20260900: need to manually check by running interactive_manual_check_historical_prices
********************************************************************************

********************************************************************************
Email stored not sent on 2025-01-26 00:46:39.748986: Price Spike EURIBOR-ICE

Spike found in prices for EURIBOR-ICE/20251200: need to manually check by running interactive_manual_check_historical_prices
********************************************************************************

********************************************************************************
Email stored not sent on 2025-01-26 00:50:16.753675: Price Spike EURIBOR

Spike found in prices for EURIBOR/20260300: need to manually check by running interactive_manual_check_historical_prices
********************************************************************************

********************************************************************************
Email stored not sent on 2025-01-26 00:51:04.051219: Price Spike EURIBOR

To reduce email load, won't send any more emails with this subject today. Use 'interactive_diagnostics', 'Emails' to see stored messages
********************************************************************************

********************************************************************************
Email stored not sent on 2025-01-26 00:51:04.054839: Price Spike EURIBOR

Spike found in prices for EURIBOR/20260900: need to manually check by running interactive_manual_check_historical_prices
********************************************************************************

********************************************************************************
Email stored not sent on 2025-01-27 00:20:47.840305: Price Spike EURIBOR

Spike found in prices for EURIBOR/20260300: need to manually check by running interactive_manual_check_historical_prices
********************************************************************************

********************************************************************************
Email stored not sent on 2025-01-27 00:21:03.854104: Price Spike EURIBOR

Spike found in prices for EURIBOR/20260900: need to manually check by running interactive_manual_check_historical_prices
********************************************************************************

********************************************************************************
Email stored not sent on 2025-02-01 00:19:01.026460: Price Spike EURIBOR-ICE

Spike found in prices for EURIBOR-ICE/20250600: need to manually check by running interactive_manual_check_historical_prices
********************************************************************************

********************************************************************************
Email stored not sent on 2025-02-01 00:19:06.955240: Price Spike EURIBOR-ICE

To reduce email load, won't send any more emails with this subject today. Use 'interactive_diagnostics', 'Emails' to see stored messages
********************************************************************************

********************************************************************************
Email stored not sent on 2025-02-01 00:19:06.962248: Price Spike EURIBOR-ICE

Spike found in prices for EURIBOR-ICE/20250900: need to manually check by running interactive_manual_check_historical_prices
********************************************************************************

********************************************************************************
Email stored not sent on 2025-02-01 00:19:09.033400: Price Spike EURIBOR-ICE

Spike found in prices for EURIBOR-ICE/20251200: need to manually check by running interactive_manual_check_historical_prices
********************************************************************************

********************************************************************************
Email stored not sent on 2025-02-01 00:19:14.046745: Price Spike EURIBOR-ICE

Spike found in prices for EURIBOR-ICE/20260600: need to manually check by running interactive_manual_check_historical_prices
********************************************************************************

********************************************************************************
Email stored not sent on 2025-02-01 00:19:16.536569: Price Spike EURIBOR-ICE

Spike found in prices for EURIBOR-ICE/20260900: need to manually check by running interactive_manual_check_historical_prices
********************************************************************************

********************************************************************************
Email stored not sent on 2025-02-01 00:19:19.011615: Price Spike EURIBOR-ICE

Spike found in prices for EURIBOR-ICE/20261200: need to manually check by running interactive_manual_check_historical_prices
********************************************************************************

********************************************************************************
Email stored not sent on 2025-02-01 00:19:33.694182: Price Spike EURIBOR

Spike found in prices for EURIBOR/20250900: need to manually check by running interactive_manual_check_historical_prices
********************************************************************************

********************************************************************************
Email stored not sent on 2025-02-01 00:19:41.711073: Price Spike EURIBOR

To reduce email load, won't send any more emails with this subject today. Use 'interactive_diagnostics', 'Emails' to see stored messages
********************************************************************************

********************************************************************************
Email stored not sent on 2025-02-01 00:19:41.713189: Price Spike EURIBOR

Spike found in prices for EURIBOR/20260300: need to manually check by running interactive_manual_check_historical_prices
********************************************************************************

********************************************************************************
Email stored not sent on 2025-02-01 00:19:43.803931: Price Spike EURIBOR

Spike found in prices for EURIBOR/20260600: need to manually check by running interactive_manual_check_historical_prices
********************************************************************************

********************************************************************************
Email stored not sent on 2025-02-01 00:19:46.258355: Price Spike EURIBOR

Spike found in prices for EURIBOR/20260900: need to manually check by running interactive_manual_check_historical_prices
********************************************************************************

********************************************************************************
Email stored not sent on 2025-02-01 00:19:48.738107: Price Spike EURIBOR

Spike found in prices for EURIBOR/20261200: need to manually check by running interactive_manual_check_historical_prices
********************************************************************************

********************************************************************************
Email stored not sent on 2025-02-02 00:23:55.327579: Price Spike EURIBOR

Spike found in prices for EURIBOR/20250900: need to manually check by running interactive_manual_check_historical_prices
********************************************************************************

********************************************************************************
Email stored not sent on 2025-02-02 00:24:10.406622: Price Spike EURIBOR

To reduce email load, won't send any more emails with this subject today. Use 'interactive_diagnostics', 'Emails' to see stored messages
********************************************************************************

********************************************************************************
Email stored not sent on 2025-02-02 00:24:10.407348: Price Spike EURIBOR

Spike found in prices for EURIBOR/20260300: need to manually check by running interactive_manual_check_historical_prices
********************************************************************************

********************************************************************************
Email stored not sent on 2025-02-02 00:24:20.599476: Price Spike EURIBOR

Spike found in prices for EURIBOR/20260600: need to manually check by running interactive_manual_check_historical_prices
********************************************************************************

********************************************************************************
Email stored not sent on 2025-02-02 00:24:23.175355: Price Spike EURIBOR

Spike found in prices for EURIBOR/20260900: need to manually check by running interactive_manual_check_historical_prices
********************************************************************************

********************************************************************************
Email stored not sent on 2025-02-02 00:24:25.562606: Price Spike EURIBOR

Spike found in prices for EURIBOR/20261200: need to manually check by running interactive_manual_check_historical_prices
********************************************************************************

********************************************************************************
Email stored not sent on 2025-02-08 00:10:37.978292: Price Spike SONIA3

Spike found in prices for SONIA3/20250300: need to manually check by running interactive_manual_check_historical_prices
********************************************************************************

********************************************************************************
Email stored not sent on 2025-02-08 00:10:43.552236: Price Spike SONIA3

To reduce email load, won't send any more emails with this subject today. Use 'interactive_diagnostics', 'Emails' to see stored messages
********************************************************************************

********************************************************************************
Email stored not sent on 2025-02-08 00:10:43.555624: Price Spike SONIA3

Spike found in prices for SONIA3/20250600: need to manually check by running interactive_manual_check_historical_prices
********************************************************************************

********************************************************************************
Email stored not sent on 2025-02-08 00:10:45.623618: Price Spike SONIA3

Spike found in prices for SONIA3/20250900: need to manually check by running interactive_manual_check_historical_prices
********************************************************************************

********************************************************************************
Email stored not sent on 2025-02-08 00:11:09.424340: Price Spike CORN

Spike found in prices for CORN/20250300: need to manually check by running interactive_manual_check_historical_prices
********************************************************************************

********************************************************************************
Email stored not sent on 2025-02-08 00:11:14.988288: Price Spike CORN

To reduce email load, won't send any more emails with this subject today. Use 'interactive_diagnostics', 'Emails' to see stored messages
********************************************************************************

********************************************************************************
Email stored not sent on 2025-02-08 00:11:14.991315: Price Spike CORN

Spike found in prices for CORN/20250500: need to manually check by running interactive_manual_check_historical_prices
********************************************************************************

********************************************************************************
Email stored not sent on 2025-02-08 00:11:16.909153: Price Spike CORN

Spike found in prices for CORN/20250700: need to manually check by running interactive_manual_check_historical_prices
********************************************************************************

********************************************************************************
Email stored not sent on 2025-02-08 00:11:19.405021: Price Spike CORN

Spike found in prices for CORN/20250900: need to manually check by running interactive_manual_check_historical_prices
********************************************************************************

********************************************************************************
Email stored not sent on 2025-02-10 00:10:37.659214: Price Spike SONIA3

Spike found in prices for SONIA3/20250300: need to manually check by running interactive_manual_check_historical_prices
********************************************************************************

********************************************************************************
Email stored not sent on 2025-02-10 00:10:42.715472: Price Spike SONIA3

To reduce email load, won't send any more emails with this subject today. Use 'interactive_diagnostics', 'Emails' to see stored messages
********************************************************************************

********************************************************************************
Email stored not sent on 2025-02-10 00:10:42.719683: Price Spike SONIA3

Spike found in prices for SONIA3/20250600: need to manually check by running interactive_manual_check_historical_prices
********************************************************************************

********************************************************************************
Email stored not sent on 2025-02-10 00:10:44.754767: Price Spike SONIA3

Spike found in prices for SONIA3/20250900: need to manually check by running interactive_manual_check_historical_prices
********************************************************************************

********************************************************************************
Email stored not sent on 2025-02-10 00:11:08.720902: Price Spike CORN

Spike found in prices for CORN/20250300: need to manually check by running interactive_manual_check_historical_prices
********************************************************************************

********************************************************************************
Email stored not sent on 2025-02-10 00:11:14.529161: Price Spike CORN

To reduce email load, won't send any more emails with this subject today. Use 'interactive_diagnostics', 'Emails' to see stored messages
********************************************************************************

********************************************************************************
Email stored not sent on 2025-02-10 00:11:14.532848: Price Spike CORN

Spike found in prices for CORN/20250500: need to manually check by running interactive_manual_check_historical_prices
********************************************************************************

********************************************************************************
Email stored not sent on 2025-02-10 00:11:16.897377: Price Spike CORN

Spike found in prices for CORN/20250700: need to manually check by running interactive_manual_check_historical_prices
********************************************************************************

********************************************************************************
Email stored not sent on 2025-02-10 00:11:19.517769: Price Spike CORN

Spike found in prices for CORN/20250900: need to manually check by running interactive_manual_check_historical_prices
********************************************************************************

